[INFO] Scanning for projects...
[INFO] 
[INFO] ------------< com.ansicode:Sistema-Administracion-Gimnasio >------------
[INFO] Building Sistema Administracion Gimnasio 0.0.1-SNAPSHOT
[INFO]   from pom.xml
[INFO] --------------------------------[ jar ]---------------------------------
[INFO] 
[INFO] --- resources:3.3.1:resources (default-resources) @ Sistema-Administracion-Gimnasio ---
[INFO] Copying 2 resources from src\main\resources to target\classes
[INFO] Copying 1 resource from src\main\resources to target\classes
[INFO] 
[INFO] --- compiler:3.14.1:compile (default-compile) @ Sistema-Administracion-Gimnasio ---
[INFO] Nothing to compile - all classes are up to date.
[INFO] 
[INFO] --- resources:3.3.1:testResources (default-testResources) @ Sistema-Administracion-Gimnasio ---
[INFO] skip non existing resourceDirectory C:\Users\andre\OneDrive\Escritorio\Sistema-Administracion-Gimnasio\src\test\resources
[INFO] 
[INFO] --- compiler:3.14.1:testCompile (default-testCompile) @ Sistema-Administracion-Gimnasio ---
[INFO] Nothing to compile - all classes are up to date.
[INFO] 
[INFO] --- surefire:3.5.4:test (default-test) @ Sistema-Administracion-Gimnasio ---
[INFO] Using auto detected provider org.apache.maven.surefire.junitplatform.JUnitPlatformProvider
[INFO] 
[INFO] -------------------------------------------------------
[INFO]  T E S T S
[INFO] -------------------------------------------------------
[INFO] Running com.ansicode.SistemaAdministracionGym.pago.PagoServiceIntegrationTest
17:19:06.669 [main] INFO org.springframework.test.context.support.AnnotationConfigContextLoaderUtils -- Could not detect default configuration classes for test class [com.ansicode.SistemaAdministracionGym.pago.PagoServiceIntegrationTest]: PagoServiceIntegrationTest does not declare any static, non-private, non-final, nested classes annotated with @Configuration.
17:19:07.012 [main] INFO org.springframework.boot.test.context.SpringBootTestContextBootstrapper -- Found @SpringBootConfiguration com.ansicode.SistemaAdministracionGym.SistemaAdministracionGym for test class com.ansicode.SistemaAdministracionGym.pago.PagoServiceIntegrationTest

  .   ____          _            __ _ _
 /\\ / ___'_ __ _ _(_)_ __  __ _ \ \ \ \
( ( )\___ | '_ | '_| | '_ \/ _` | \ \ \ \
 \\/  ___)| |_)| | | | | || (_| |  ) ) ) )
  '  |____| .__|_| |_|_| |_\__, | / / / /
 =========|_|==============|___/=/_/_/_/

 :: Spring Boot ::                (v3.5.8)

2026-01-30T17:19:08.048-05:00  INFO 16152 --- [           main] c.a.S.pago.PagoServiceIntegrationTest    : Starting PagoServiceIntegrationTest using Java 21.0.8 with PID 16152 (started by andre in C:\Users\andre\OneDrive\Escritorio\Sistema-Administracion-Gimnasio)
2026-01-30T17:19:08.051-05:00  INFO 16152 --- [           main] c.a.S.pago.PagoServiceIntegrationTest    : The following 1 profile is active: "dev"
2026-01-30T17:19:11.592-05:00  INFO 16152 --- [           main] .s.d.r.c.RepositoryConfigurationDelegate : Bootstrapping Spring Data JPA repositories in DEFAULT mode.
2026-01-30T17:19:11.974-05:00  INFO 16152 --- [           main] .s.d.r.c.RepositoryConfigurationDelegate : Finished Spring Data repository scanning in 358 ms. Found 24 JPA repository interfaces.
2026-01-30T17:19:13.728-05:00  INFO 16152 --- [           main] o.hibernate.jpa.internal.util.LogHelper  : HHH000204: Processing PersistenceUnitInfo [name: default]
2026-01-30T17:19:13.888-05:00  INFO 16152 --- [           main] org.hibernate.Version                    : HHH000412: Hibernate ORM core version 6.6.36.Final
2026-01-30T17:19:13.950-05:00  INFO 16152 --- [           main] o.h.c.internal.RegionFactoryInitiator    : HHH000026: Second-level cache disabled
2026-01-30T17:19:14.388-05:00  INFO 16152 --- [           main] o.s.o.j.p.SpringPersistenceUnitInfo      : No LoadTimeWeaver setup: ignoring JPA class transformer
2026-01-30T17:19:14.432-05:00  INFO 16152 --- [           main] com.zaxxer.hikari.HikariDataSource       : HikariPool-1 - Starting...
2026-01-30T17:19:14.694-05:00  INFO 16152 --- [           main] com.zaxxer.hikari.pool.HikariPool        : HikariPool-1 - Added connection org.postgresql.jdbc.PgConnection@1d6a22dd
2026-01-30T17:19:14.695-05:00  INFO 16152 --- [           main] com.zaxxer.hikari.HikariDataSource       : HikariPool-1 - Start completed.
2026-01-30T17:19:14.738-05:00  WARN 16152 --- [           main] org.hibernate.orm.deprecation            : HHH90000025: PostgreSQLDialect does not need to be specified explicitly using 'hibernate.dialect' (remove the property setting and it will be selected by default)
2026-01-30T17:19:14.762-05:00  INFO 16152 --- [           main] org.hibernate.orm.connections.pooling    : HHH10001005: Database info:
	Database JDBC URL [Connecting through datasource 'HikariDataSource (HikariPool-1)']
	Database driver: undefined/unknown
	Database version: 18.1
	Autocommit mode: undefined/unknown
	Isolation level: undefined/unknown
	Minimum pool size: undefined/unknown
	Maximum pool size: undefined/unknown
2026-01-30T17:19:18.017-05:00  INFO 16152 --- [           main] o.h.e.t.j.p.i.JtaPlatformInitiator       : HHH000489: No JTA platform available (set 'hibernate.transaction.jta.platform' to enable JTA platform integration)
2026-01-30T17:19:18.412-05:00  INFO 16152 --- [           main] j.LocalContainerEntityManagerFactoryBean : Initialized JPA EntityManagerFactory for persistence unit 'default'
2026-01-30T17:19:19.120-05:00  INFO 16152 --- [           main] o.s.d.j.r.query.QueryEnhancerFactory     : Hibernate is in classpath; If applicable, HQL parser will be used.
2026-01-30T17:19:20.294-05:00  INFO 16152 --- [           main] eAuthenticationProviderManagerConfigurer : Global AuthenticationManager configured with AuthenticationProvider bean with name authenticationProvider
2026-01-30T17:19:20.294-05:00  WARN 16152 --- [           main] r$InitializeUserDetailsManagerConfigurer : Global AuthenticationManager configured with an AuthenticationProvider bean. UserDetailsService beans will not be used by Spring Security for automatically configuring username/password login. Consider removing the AuthenticationProvider bean. Alternatively, consider using the UserDetailsService in a manually instantiated DaoAuthenticationProvider. If the current configuration is intentional, to turn off this warning, increase the logging level of 'org.springframework.security.config.annotation.authentication.configuration.InitializeUserDetailsBeanManagerConfigurer' to ERROR
2026-01-30T17:19:22.733-05:00  WARN 16152 --- [           main] JpaBaseConfiguration$JpaWebConfiguration : spring.jpa.open-in-view is enabled by default. Therefore, database queries may be performed during view rendering. Explicitly configure spring.jpa.open-in-view to disable this warning
2026-01-30T17:19:23.724-05:00  INFO 16152 --- [           main] o.s.b.a.e.web.EndpointLinksResolver      : Exposing 1 endpoint beneath base path '/actuator'
2026-01-30T17:19:24.924-05:00  INFO 16152 --- [           main] c.a.S.pago.PagoServiceIntegrationTest    : Started PagoServiceIntegrationTest in 17.588 seconds (process running for 19.699)
Hibernate: 
    select
        r1_0.id,
        r1_0.fecha_creacion,
        r1_0.fecha_modificacion,
        r1_0.name 
    from
        role r1_0 
    where
        r1_0.name=?
Hibernate: 
    select
        r1_0.id,
        r1_0.fecha_creacion,
        r1_0.fecha_modificacion,
        r1_0.name 
    from
        role r1_0 
    where
        r1_0.name=?
Hibernate: 
    select
        r1_0.id,
        r1_0.fecha_creacion,
        r1_0.fecha_modificacion,
        r1_0.name 
    from
        role r1_0 
    where
        r1_0.name=?
Hibernate: 
    select
        u1_0.id,
        u1_0.activa,
        u1_0.apellido,
        u1_0.cuenta_bloqueada,
        u1_0.email,
        u1_0.fecha_creacion,
        u1_0.fecha_modificacion,
        u1_0.fecha_nacimiento,
        u1_0.nombre,
        u1_0.password,
        u1_0.telefono 
    from
        _user u1_0 
    where
        (
            u1_0.activa = true
        ) 
        and u1_0.email=?
Hibernate: 
    select
        r1_0.users_id,
        r1_1.id,
        r1_1.fecha_creacion,
        r1_1.fecha_modificacion,
        r1_1.name 
    from
        _user_roles r1_0 
    join
        role r1_1 
            on r1_1.id=r1_0.roles_id 
    where
        r1_0.users_id=?
Mockito is currently self-attaching to enable the inline-mock-maker. This will no longer work in future releases of the JDK. Please add Mockito as an agent to your build as described in Mockito's documentation: https://javadoc.io/doc/org.mockito/mockito-core/latest/org.mockito/org/mockito/Mockito.html#0.3
Java HotSpot(TM) 64-Bit Server VM warning: Sharing is only supported for boot loader classes because bootstrap classpath has been appended
WARNING: A Java agent has been loaded dynamically (C:\Users\andre\.m2\repository\net\bytebuddy\byte-buddy-agent\1.17.8\byte-buddy-agent-1.17.8.jar)
WARNING: If a serviceability tool is in use, please run with -XX:+EnableDynamicAgentLoading to hide this warning
WARNING: If a serviceability tool is not in use, please run with -Djdk.instrument.traceUsage for more information
WARNING: Dynamic loading of agents will be disallowed by default in a future release
[ERROR] Tests run: 2, Failures: 0, Errors: 2, Skipped: 0, Time elapsed: 19.44 s <<< FAILURE! -- in com.ansicode.SistemaAdministracionGym.pago.PagoServiceIntegrationTest
[ERROR] com.ansicode.SistemaAdministracionGym.pago.PagoServiceIntegrationTest.registrarPago_Servicio_SuscripcionCreated -- Time elapsed: 0.485 s <<< ERROR!
java.lang.Error: 
Unresolved compilation problem: 
	The method enabled(boolean) is undefined for the type User.UserBuilder

	at com.ansicode.SistemaAdministracionGym.pago.PagoServiceIntegrationTest.setup(PagoServiceIntegrationTest.java:72)
	at java.base/java.lang.reflect.Method.invoke(Method.java:580)
	at java.base/java.util.ArrayList.forEach(ArrayList.java:1596)
	at java.base/java.util.ArrayList.forEach(ArrayList.java:1596)

[ERROR] com.ansicode.SistemaAdministracionGym.pago.PagoServiceIntegrationTest.registrarPago_Producto_InventoryUpdate -- Time elapsed: 0.009 s <<< ERROR!
java.lang.Error: 
Unresolved compilation problem: 
	The method enabled(boolean) is undefined for the type User.UserBuilder

	at com.ansicode.SistemaAdministracionGym.pago.PagoServiceIntegrationTest.setup(PagoServiceIntegrationTest.java:72)
	at java.base/java.lang.reflect.Method.invoke(Method.java:580)
	at java.base/java.util.ArrayList.forEach(ArrayList.java:1596)
	at java.base/java.util.ArrayList.forEach(ArrayList.java:1596)

[INFO] 
[INFO] Results:
[INFO] 
[ERROR] Errors: 
[ERROR]   PagoServiceIntegrationTest.setup:72  Unresolved compilation problem: 
	The method enabled(boolean) is undefined for the type User.UserBuilder

[ERROR]   PagoServiceIntegrationTest.setup:72  Unresolved compilation problem: 
	The method enabled(boolean) is undefined for the type User.UserBuilder

[INFO] 
[ERROR] Tests run: 2, Failures: 0, Errors: 2, Skipped: 0
[INFO] 
[INFO] ------------------------------------------------------------------------
[INFO] BUILD FAILURE
[INFO] ------------------------------------------------------------------------
[INFO] Total time:  24.433 s
[INFO] Finished at: 2026-01-30T17:19:26-05:00
[INFO] ------------------------------------------------------------------------
[ERROR] Failed to execute goal org.apache.maven.plugins:maven-surefire-plugin:3.5.4:test (default-test) on project Sistema-Administracion-Gimnasio: 
[ERROR] 
[ERROR] See C:\Users\andre\OneDrive\Escritorio\Sistema-Administracion-Gimnasio\target\surefire-reports for the individual test results.
[ERROR] See dump files (if any exist) [date].dump, [date]-jvmRun[N].dump and [date].dumpstream.
[ERROR] -> [Help 1]
[ERROR] 
[ERROR] To see the full stack trace of the errors, re-run Maven with the -e switch.
[ERROR] Re-run Maven using the -X switch to enable full debug logging.
[ERROR] 
[ERROR] For more information about the errors and possible solutions, please read the following articles:
[ERROR] [Help 1] http://cwiki.apache.org/confluence/display/MAVEN/MojoFailureException
